// Jest Snapshot v1, https://goo.gl/fbAQLP

exports[`保留已经引用的 import 1`] = `
"import { x as y } from 'z';
import x from 'z';
import * as a from 'z';
import 'z';
console.log(x, y, a);"
`;

exports[`移除无用导入 1`] = `
"import A, { B, D, E } from './E';
export { B };"
`;

exports[`验证 import as 语法 1`] = `
"import { x as y } from 'z';
console.log(y);"
`;
